试点对：灰区 9  阴性 9 
Key: <SNP>
                   SNP  Zscore AssessedAllele OtherAllele            Gene
                <char>   <num>         <char>      <char>          <char>
     1: chr11:63753960 -0.3330              G           A ENSG00000173457
     2: chr11:64815490  0.2422              A           G ENSG00000173457
     3: chr12:10588581 -0.3330              C           T ENSG00000111196
     4: chr12:10763175 -8.2330              A           G ENSG00000111196
     5: chr12:11083356  1.1205              G           A ENSG00000111196
    ---                                                                  
135695:       rs999392  2.8464              C           T ENSG00000111196
135696:       rs999401 -1.4225              T           C ENSG00000168894
135697:       rs999663  0.0084              A           G ENSG00000112232
135698:       rs999829  0.1832              A           G ENSG00000188677
135699:       rs999939 -1.1498              C           T ENSG00000168894
        NrSamples AlleleA AlleleB AlleleB_all        eaf
            <int>  <char>  <char>       <num>      <num>
     1:       919       A       G  0.02733728 0.02733728
     2:       919       G       A  0.04457730 0.04457730
     3:       919       T       C  0.42258295 0.42258295
     4:       919       G       A  0.26889107 0.26889107
     5:       919       A       G  0.28173575 0.28173575
    ---                                                 
135695:     11496       T       C  0.06600604 0.06600604
135696:     11496       T       C  0.81526927 0.18473073
135697:     31569       G       A  0.07133691 0.07133691
135698:       338       G       A  0.02366864 0.02366864
135699:     11496       T       C  0.13038432 0.13038432
           used  (Mb) gc trigger   (Mb) max used  (Mb)
Ncells 12946940 691.5   19814577 1058.3 12967972 692.6
Vcells 84072064 641.5  116271384  887.1 96794215 738.5
[ 13:51:42 ]  eQTL cis 变异（pilot 基因）:  137348  | 唯一基因:  18 
[ 13:52:04 ]  t2d  行:  5030727 
[ 13:52:36 ]  cad  行:  7904237 
[ 13:52:42 ]  fbg  行:  2628881 
DEBUG sel class: data.table  dim: 18 x 14 
DEBUG p class: data.table  is.atomic: FALSE  colnames: gene,outcome,symbol,nsnp,b,se,pval,q,method,ok,note,grp,GeneChr,GenePos 
Error in p$GeneChr : $ operator is invalid for atomic vectors
Calls: [ ... tryCatchList -> tryCatchOne -> <Anonymous> -> .checkTypos
FRAME 1 : gwas[[p$outcome]][chr == p$GeneChr & pos >= p$GenePos - WINDOW &      pos <= p$GenePos + WINDOW] 
FRAME 2 : `[.data.table`(gwas[[p$outcome]], chr == p$GeneChr & pos >= p$GenePos -      WINDOW & pos <= p$GenePos + WINDOW) 
FRAME 3 : tryCatch(eval(.massagei(isub), x, ienv), dt_invalid_let_error = function(e) stopf("Operator := detected in i, the first argument inside DT[...], but is only valid in the second argument, j. Most often, this happens when forgetting the first comma (e.g. DT[newvar := 5] instead of DT[ , new_var := 5]). Please double-check the syntax. Run traceback(), and debugger() to get a line number."),      error = function(e) .checkTypos(e, names_x)) 
FRAME 4 : tryCatchList(expr, classes, parentenv, handlers) 
FRAME 5 : tryCatchOne(tryCatchList(expr, names[-nh], parentenv, handlers[-nh]),      names[nh], parentenv, handlers[[nh]]) 
FRAME 6 : value[[3L]](cond) 
FRAME 7 : .checkTypos(e, names_x) 
FRAME 8 : stop(err) 
FRAME 9 : (function ()  {     d <- sys.calls()     for (j in seq_along(d)) cat("FRAME", j, ":", paste(deparse(d[[j]]),          collapse = " "), "\n")     quit(status = 1) })() 
