试点对：灰区 9  阴性 9 
Key: <SNP>
                   SNP  Zscore AssessedAllele OtherAllele            Gene
                <char>   <num>         <char>      <char>          <char>
     1: chr11:63753960 -0.3330              G           A ENSG00000173457
     2: chr11:64815490  0.2422              A           G ENSG00000173457
     3: chr12:10588581 -0.3330              C           T ENSG00000111196
     4: chr12:10763175 -8.2330              A           G ENSG00000111196
     5: chr12:11083356  1.1205              G           A ENSG00000111196
    ---                                                                  
135695:       rs999392  2.8464              C           T ENSG00000111196
135696:       rs999401 -1.4225              T           C ENSG00000168894
135697:       rs999663  0.0084              A           G ENSG00000112232
135698:       rs999829  0.1832              A           G ENSG00000188677
135699:       rs999939 -1.1498              C           T ENSG00000168894
        NrSamples AlleleA AlleleB AlleleB_all        eaf
            <int>  <char>  <char>       <num>      <num>
     1:       919       A       G  0.02733728 0.02733728
     2:       919       G       A  0.04457730 0.04457730
     3:       919       T       C  0.42258295 0.42258295
     4:       919       G       A  0.26889107 0.26889107
     5:       919       A       G  0.28173575 0.28173575
    ---                                                 
135695:     11496       T       C  0.06600604 0.06600604
135696:     11496       T       C  0.81526927 0.18473073
135697:     31569       G       A  0.07133691 0.07133691
135698:       338       G       A  0.02366864 0.02366864
135699:     11496       T       C  0.13038432 0.13038432
           used  (Mb) gc trigger   (Mb) max used  (Mb)
Ncells 12946900 691.5   19813971 1058.2 12967932 692.6
Vcells 84072058 641.5  116271372  887.1 96794209 738.5
[ 14:13:29 ]  eQTL cis 变异（pilot 基因）:  137348  | 唯一基因:  18 
[ 14:13:51 ]  t2d  行:  5030727 
[ 14:14:24 ]  cad  行:  7904237 
[ 14:14:31 ]  fbg  行:  2628881 
Error in gb[p_flip] <- -gb[p_flip] : 
  NAs are not allowed in subscripted assignments
Calls: run_coloc -> harmonize
In addition: Warning message:
In sdY.est(d$varbeta, d$MAF, d$N) :
  estimating sdY from maf and varbeta, please directly supply sdY if known
Execution halted
