试点对：灰区 9  阴性 9 
Key: <SNP>
                   SNP  Zscore AssessedAllele OtherAllele            Gene
                <char>   <num>         <char>      <char>          <char>
     1: chr11:63753960 -0.3330              G           A ENSG00000173457
     2: chr11:64815490  0.2422              A           G ENSG00000173457
     3: chr12:10588581 -0.3330              C           T ENSG00000111196
     4: chr12:10763175 -8.2330              A           G ENSG00000111196
     5: chr12:11083356  1.1205              G           A ENSG00000111196
    ---                                                                  
135695:       rs999392  2.8464              C           T ENSG00000111196
135696:       rs999401 -1.4225              T           C ENSG00000168894
135697:       rs999663  0.0084              A           G ENSG00000112232
135698:       rs999829  0.1832              A           G ENSG00000188677
135699:       rs999939 -1.1498              C           T ENSG00000168894
        NrSamples AlleleA AlleleB AlleleB_all        eaf
            <int>  <char>  <char>       <num>      <num>
     1:       919       A       G  0.02733728 0.02733728
     2:       919       G       A  0.04457730 0.04457730
     3:       919       T       C  0.42258295 0.42258295
     4:       919       G       A  0.26889107 0.26889107
     5:       919       A       G  0.28173575 0.28173575
    ---                                                 
135695:     11496       T       C  0.06600604 0.06600604
135696:     11496       T       C  0.81526927 0.18473073
135697:     31569       G       A  0.07133691 0.07133691
135698:       338       G       A  0.02366864 0.02366864
135699:     11496       T       C  0.13038432 0.13038432
           used  (Mb) gc trigger   (Mb) max used  (Mb)
Ncells 12946900 691.5   19813971 1058.2 12967932 692.6
Vcells 84072058 641.5  116271372  887.1 96794209 738.5
[ 14:39:37 ]  eQTL cis 变异（pilot 基因）:  137348  | 唯一基因:  18 
[ 14:39:59 ]  t2d  行:  5030727 
[ 14:40:30 ]  cad  行:  7904237 
[ 14:40:37 ]  fbg  行:  2628881 
There were 37 warnings (use warnings() to see them)
[ 14:40:39 ]  已写 results/feasibility_pilot_20260815.csv |  18  行 

=== 试点 coloc 摘要（MR 显著集之外）===
grey: 9 对 | QC 通过 8 (88.9%) | PP.H4≥0.8 0 (0% of QC, 0% of 全部)
   PP.H4≥0.5: 0 | ≥0.6: 0 | ≥0.9: 0
null: 9 对 | QC 通过 8 (88.9%) | PP.H4≥0.8 0 (0% of QC, 0% of 全部)
   PP.H4≥0.5: 0 | ≥0.6: 0 | ≥0.9: 0
coloc QC（nsnp≥10）总通过率:  88.9 %

判定：若 coloc-only 中 GWAS 峰显著占比高（>50%）→ 'MR 召回低'叙事成立；
      若 GWAS 峰不显著占多数 → 召回叙事多为 coloc 伪阳，需转向。
