试点对：灰区 45  阴性 45 
Key: <SNP>
                    SNP SNPChr    SNPPos  Zscore AssessedAllele OtherAllele
                 <char>  <int>     <int>   <num>         <char>      <char>
     1: chr10:126301970     10 126301970 -2.1840              C           T
     2: chr10:126691885     10 126691885 -1.2085              T           C
     3:   chr10:6265955     10   6265955  1.2841              T           C
     4:  chr10:71168653     10  71168653  0.0387              T           G
     5:   chr10:7214484     10   7214484  1.5463              A           G
    ---                                                                    
709223:       rs9999936      4 110629094  0.0733              G           A
709224:       rs9999963      4  84072737  0.7731              C           T
709225:       rs9999972      4  39428578 -0.7492              G           A
709226:       rs9999985      4  38779091 -1.0487              G           A
709227:       rs9999990      4  44512890  0.5680              T           C
                   Gene GeneChr   GenePos NrSamples AlleleA AlleleB AlleleB_all
                 <char>   <int>     <int>     <int>  <char>  <char>       <num>
     1: ENSG00000203791      10 126458580     13124       T       C  0.07505334
     2: ENSG00000203791      10 126458580      1428       C       T  0.02485994
     3: ENSG00000065675      10   6545684      1428       C       T  0.01295518
     4: ENSG00000180817      10  71978127      1744       T       G  0.52671943
     5: ENSG00000065675      10   6545684     12436       G       A  0.04490994
    ---                                                                        
709223: ENSG00000005059       4 110545617       338       A       G  0.01479290
709224: ENSG00000163312       4  84352752     14263       T       C  0.03222399
709225: ENSG00000134962       4  39430814     21696       A       G  0.01813232
709226: ENSG00000134962       4  39430814     28765       G       A  0.96415525
709227: ENSG00000163281       4  44716248       338       C       T  0.01331361
               eaf
             <num>
     1: 0.07505334
     2: 0.02485994
     3: 0.01295518
     4: 0.47328057
     5: 0.04490994
    ---           
709223: 0.01479290
709224: 0.03222399
709225: 0.01813232
709226: 0.03584475
709227: 0.01331361
[ 13:12:29 ]  eQTL cis 变异（pilot 基因）:  716645 
[ 13:12:45 ]  t2d  行:  0 
[ 13:13:06 ]  cad  行:  0 
[ 13:13:14 ]  fbg  行:  2628881 
Error in p$GeneChr : $ operator is invalid for atomic vectors
Calls: [ ... tryCatchList -> tryCatchOne -> <Anonymous> -> .checkTypos
Execution halted
