试点对：灰区 3000  阴性 3000 
Key: <SNP>
                      SNP  Zscore AssessedAllele OtherAllele            Gene
                   <char>   <num>         <char>      <char>          <char>
       1: chr10:102289298  2.1741              T           C ENSG00000014919
       2: chr10:102289298  1.0399              T           C ENSG00000107816
       3: chr10:102289298 -0.9041              T           C ENSG00000055950
       4: chr10:102289298 -0.7232              T           C ENSG00000119929
       5: chr10:102289298 -0.5197              T           C ENSG00000107554
      ---                                                                   
41935412:       rs9999992  0.4473              A           G ENSG00000050730
41935413:       rs9999995 -0.8358              G           A ENSG00000164306
41935414:       rs9999995  0.7412              G           A ENSG00000164323
41935415:       rs9999995  0.1433              G           A ENSG00000251739
41935416:       rs9999995 -0.1306              G           A ENSG00000151725
          NrSamples AlleleA AlleleB AlleleB_all        eaf
              <int>  <char>  <char>       <num>      <num>
       1:       513       C       T  0.01169591 0.01169591
       2:       513       C       T  0.01169591 0.01169591
       3:       513       C       T  0.01169591 0.01169591
       4:       513       C       T  0.01169591 0.01169591
       5:       513       C       T  0.01169591 0.01169591
      ---                                                 
41935412:     31355       G       A  0.11082572 0.11082572
41935413:      9187       A       G  0.08151210 0.08151210
41935414:     26080       A       G  0.08151210 0.08151210
41935415:      4022       A       G  0.08151210 0.08151210
41935416:      9187       A       G  0.08151210 0.08151210
            used   (Mb) gc trigger    (Mb)   max used    (Mb)
Ncells  12946911  691.5   22075630  1179.0   12964478   692.4
Vcells 401321227 3061.9 1368616066 10441.8 1419591443 10830.7
[ 18:44:08 ]  eQTL cis 变异（pilot 基因）:  42427668  | 唯一基因:  5279 
[ 18:44:20 ]  t2d  行:  5030727 
[ 18:44:38 ]  cad  行:  7904237 
[ 18:44:46 ]  fbg  行:  2628881 
[ 18:45:50 ]    试点  500 / 6000 
[ 18:46:32 ]    试点  1000 / 6000 
[ 18:47:11 ]    试点  1500 / 6000 
[ 18:47:49 ]    试点  2000 / 6000 
[ 18:48:26 ]    试点  2500 / 6000 
[ 18:49:06 ]    试点  3000 / 6000 
[ 18:49:47 ]    试点  3500 / 6000 
[ 18:50:29 ]    试点  4000 / 6000 
[ 18:51:08 ]    试点  4500 / 6000 
[ 18:51:47 ]    试点  5000 / 6000 
[ 18:52:25 ]    试点  5500 / 6000 
[ 18:53:04 ]    试点  6000 / 6000 
There were 50 or more warnings (use warnings() to see the first 50)
[ 18:53:10 ]  已写 results/feasibility_pilot_20260815.csv |  6000  行 

=== 试点 coloc 摘要（MR 显著集之外）===
grey: 3000 对 | QC 通过 2998 (99.9%) | PP.H4≥0.8 0 (0% of QC, 0% of 全部)
   PP.H4≥0.5: 1 | ≥0.6: 1 | ≥0.9: 0
null: 3000 对 | QC 通过 3000 (100%) | PP.H4≥0.8 0 (0% of QC, 0% of 全部)
   PP.H4≥0.5: 0 | ≥0.6: 0 | ≥0.9: 0
coloc QC（nsnp≥10）总通过率:  100 %

判定：若 coloc-only 中 GWAS 峰显著占比高（>50%）→ 'MR 召回低'叙事成立；
      若 GWAS 峰不显著占多数 → 召回叙事多为 coloc 伪阳，需转向。
