[ 16:20:56 ]  结局  cad  对:  14675 
[ 16:21:08 ]  有坐标:  14675 
[ 16:21:43 ]  cad  GWAS 行:  7904237 
[ 16:28:53 ]    chr 1  完成 ( 1506  行) 
[ 16:33:26 ]    chr 2  完成 ( 1004  行) 
[ 16:37:35 ]    chr 3  完成 ( 814  行) 
[ 16:40:45 ]    chr 4  完成 ( 526  行) 
[ 16:43:51 ]    chr 5  完成 ( 641  行) 
[ 16:47:03 ]    chr 6  完成 ( 686  行) 
[ 16:50:53 ]    chr 7  完成 ( 768  行) 
[ 16:53:22 ]    chr 8  完成 ( 503  行) 
[ 16:55:56 ]    chr 9  完成 ( 573  行) 
[ 16:58:39 ]    chr 10  完成 ( 590  行) 
[ 17:02:11 ]    chr 11  完成 ( 863  行) 
[ 17:05:30 ]    chr 12  完成 ( 833  行) 
[ 17:06:35 ]    chr 13  完成 ( 253  行) 
[ 17:08:51 ]    chr 14  完成 ( 554  行) 
[ 17:10:49 ]    chr 15  完成 ( 489  行) 
[ 17:13:43 ]    chr 16  完成 ( 702  行) 
[ 17:17:28 ]    chr 17  完成 ( 978  行) 
[ 17:18:29 ]    chr 18  完成 ( 239  行) 
[ 17:23:28 ]    chr 19  完成 ( 1144  行) 
[ 17:25:00 ]    chr 20  完成 ( 408  行) 
[ 17:25:51 ]    chr 21  完成 ( 179  行) 
[ 17:27:41 ]    chr 22  完成 ( 422  行) 
There were 50 or more warnings (use warnings() to see the first 50)
[ 17:27:41 ]  已写 results/coloc_full_ cad _20260815.csv |  14675  行 |  65.7  min 

=== 全量 coloc 摘要  cad  ===
全部:  14675  | QC 通过:  13803 
sig: 2242 对 | PP.H4≥0.8: 54 (2.56% of QC) | ≥0.5: 122
   sig 内 strong 按 GWAS 峰显著:  17 / 54 
grey: 6718 对 | PP.H4≥0.8: 3 (0.05% of QC) | ≥0.5: 11
null: 5715 对 | PP.H4≥0.8: 3 (0.06% of QC) | ≥0.5: 5
