[ 22:51:20 ]  结局  cad  对:  14675 
[ 22:51:32 ]  有坐标:  14675 
[ 22:52:05 ]  cad  GWAS 行:  7904237 
[ 22:56:08 ]    chr 1  完成 ( 1506  行) 
[ 22:58:02 ]    chr 2  完成 ( 1004  行) 
[ 22:59:39 ]    chr 3  完成 ( 814  行) 
[ 23:00:54 ]    chr 4  完成 ( 526  行) 
[ 23:02:19 ]    chr 5  完成 ( 641  行) 
[ 23:04:01 ]    chr 6  完成 ( 686  行) 
[ 23:05:36 ]    chr 7  完成 ( 768  行) 
[ 23:06:46 ]    chr 8  完成 ( 503  行) 
[ 23:08:00 ]    chr 9  完成 ( 573  行) 
[ 23:09:14 ]    chr 10  完成 ( 590  行) 
[ 23:10:53 ]    chr 11  完成 ( 863  行) 
[ 23:12:33 ]    chr 12  完成 ( 833  行) 
[ 23:13:15 ]    chr 13  完成 ( 253  行) 
[ 23:14:40 ]    chr 14  完成 ( 554  行) 
[ 23:15:40 ]    chr 15  完成 ( 489  行) 
[ 23:17:07 ]    chr 16  完成 ( 702  行) 
[ 23:18:59 ]    chr 17  完成 ( 978  行) 
[ 23:19:42 ]    chr 18  完成 ( 239  行) 
[ 23:22:00 ]    chr 19  完成 ( 1144  行) 
[ 23:22:55 ]    chr 20  完成 ( 408  行) 
[ 23:23:27 ]    chr 21  完成 ( 179  行) 
[ 23:24:25 ]    chr 22  完成 ( 422  行) 
There were 50 or more warnings (use warnings() to see the first 50)
[ 23:24:25 ]  已写 results/coloc_full_ cad _20260815.csv |  14675  行 |  32.1  min 

=== 全量 coloc 摘要  cad  ===
全部:  14675  | QC 通过:  14673 
sig: 2242 对 | PP.H4≥0.8: 59 (2.63% of QC) | ≥0.5: 144
   sig 内 strong 按 GWAS 峰显著:  20 / 59 
grey: 6718 对 | PP.H4≥0.8: 1 (0.01% of QC) | ≥0.5: 5
null: 5715 对 | PP.H4≥0.8: 0 (0% of QC) | ≥0.5: 2
