[ 16:21:01 ]  结局  fbg  对:  6508 
[ 16:21:14 ]  有坐标:  6508 
[ 16:21:21 ]  fbg  GWAS 行:  2628881 
[ 16:23:37 ]    chr 1  完成 ( 679  行) 
[ 16:24:35 ]    chr 2  完成 ( 444  行) 
[ 16:25:29 ]    chr 3  完成 ( 366  行) 
[ 16:26:14 ]    chr 4  完成 ( 230  行) 
[ 16:27:06 ]    chr 5  完成 ( 311  行) 
[ 16:28:14 ]    chr 6  完成 ( 347  行) 
[ 16:29:06 ]    chr 7  完成 ( 332  行) 
[ 16:29:48 ]    chr 8  完成 ( 233  行) 
[ 16:30:31 ]    chr 9  完成 ( 240  行) 
[ 16:31:18 ]    chr 10  完成 ( 279  行) 
[ 16:32:24 ]    chr 11  完成 ( 395  行) 
[ 16:33:18 ]    chr 12  完成 ( 372  行) 
[ 16:33:48 ]    chr 13  完成 ( 138  行) 
[ 16:34:36 ]    chr 14  完成 ( 261  行) 
[ 16:35:15 ]    chr 15  完成 ( 216  行) 
[ 16:36:06 ]    chr 16  完成 ( 263  行) 
[ 16:37:07 ]    chr 17  完成 ( 402  行) 
[ 16:37:34 ]    chr 18  完成 ( 113  行) 
[ 16:38:52 ]    chr 19  完成 ( 437  行) 
[ 16:39:24 ]    chr 20  完成 ( 178  行) 
[ 16:39:48 ]    chr 21  完成 ( 78  行) 
[ 16:40:22 ]    chr 22  完成 ( 194  行) 
There were 50 or more warnings (use warnings() to see the first 50)
[ 16:40:22 ]  已写 results/coloc_full_ fbg _20260815.csv |  6508  行 |  18.7  min 

=== 全量 coloc 摘要  fbg  ===
全部:  6508  | QC 通过:  6508 
sig: 449 对 | PP.H4≥0.8: 4 (0.89% of QC) | ≥0.5: 17
   sig 内 strong 按 GWAS 峰显著:  0 / 4 
grey: 2999 对 | PP.H4≥0.8: 0 (0% of QC) | ≥0.5: 1
null: 3060 对 | PP.H4≥0.8: 0 (0% of QC) | ≥0.5: 0
