[ 16:20:53 ]  结局  t2d  对:  10190 
[ 16:21:06 ]  有坐标:  10190 
[ 16:21:31 ]  t2d  GWAS 行:  5030727 
[ 16:25:31 ]    chr 1  完成 ( 1078  行) 
[ 16:28:00 ]    chr 2  完成 ( 767  行) 
[ 16:30:25 ]    chr 3  完成 ( 632  行) 
[ 16:31:57 ]    chr 4  完成 ( 396  行) 
[ 16:34:04 ]    chr 5  完成 ( 473  行) 
[ 16:36:20 ]    chr 6  完成 ( 561  行) 
[ 16:38:17 ]    chr 7  完成 ( 533  行) 
[ 16:39:47 ]    chr 8  完成 ( 350  行) 
[ 16:41:15 ]    chr 9  完成 ( 383  行) 
[ 16:42:53 ]    chr 10  完成 ( 451  行) 
[ 16:45:09 ]    chr 11  完成 ( 627  行) 
[ 16:47:21 ]    chr 12  完成 ( 626  行) 
[ 16:48:07 ]    chr 13  完成 ( 199  行) 
[ 16:49:47 ]    chr 14  完成 ( 401  行) 
[ 16:51:20 ]    chr 15  完成 ( 377  行) 
[ 16:52:53 ]    chr 16  完成 ( 408  行) 
[ 16:54:53 ]    chr 17  完成 ( 582  行) 
[ 16:55:35 ]    chr 18  完成 ( 197  行) 
[ 16:57:31 ]    chr 19  完成 ( 494  行) 
[ 16:58:27 ]    chr 20  完成 ( 277  行) 
[ 16:59:00 ]    chr 21  完成 ( 133  行) 
[ 16:59:53 ]    chr 22  完成 ( 245  行) 
There were 50 or more warnings (use warnings() to see the first 50)
[ 16:59:53 ]  已写 results/coloc_full_ t2d _20260815.csv |  10190  行 |  38.1  min 

=== 全量 coloc 摘要  t2d  ===
全部:  10190  | QC 通过:  9627 
sig: 1557 对 | PP.H4≥0.8: 48 (3.25% of QC) | ≥0.5: 123
   sig 内 strong 按 GWAS 峰显著:  16 / 48 
grey: 4579 对 | PP.H4≥0.8: 3 (0.07% of QC) | ≥0.5: 6
null: 4054 对 | PP.H4≥0.8: 1 (0.03% of QC) | ≥0.5: 2
