[ 18:12:13 ]  结局  t2d  对:  10190 
[ 18:12:24 ]  有坐标:  10190 
[ 18:12:45 ]  t2d  GWAS 行:  5030727 
[ 18:15:10 ]    chr 1  完成 ( 1078  行) 
[ 18:16:37 ]    chr 2  完成 ( 767  行) 
[ 18:17:51 ]    chr 3  完成 ( 632  行) 
[ 18:18:46 ]    chr 4  完成 ( 396  行) 
[ 18:19:48 ]    chr 5  完成 ( 473  行) 
[ 18:21:13 ]    chr 6  完成 ( 561  行) 
[ 18:22:17 ]    chr 7  完成 ( 533  行) 
[ 18:23:06 ]    chr 8  完成 ( 350  行) 
[ 18:23:54 ]    chr 9  完成 ( 383  行) 
[ 18:24:54 ]    chr 10  完成 ( 451  行) 
[ 18:26:11 ]    chr 11  完成 ( 627  行) 
[ 18:27:21 ]    chr 12  完成 ( 626  行) 
[ 18:27:55 ]    chr 13  完成 ( 199  行) 
[ 18:28:48 ]    chr 14  完成 ( 401  行) 
[ 18:29:36 ]    chr 15  完成 ( 377  行) 
[ 18:30:30 ]    chr 16  完成 ( 408  行) 
[ 18:31:43 ]    chr 17  完成 ( 582  行) 
[ 18:32:13 ]    chr 18  完成 ( 197  行) 
[ 18:33:28 ]    chr 19  完成 ( 494  行) 
[ 18:34:09 ]    chr 20  完成 ( 277  行) 
[ 18:34:35 ]    chr 21  完成 ( 133  行) 
[ 18:35:12 ]    chr 22  完成 ( 245  行) 
There were 50 or more warnings (use warnings() to see the first 50)
[ 18:35:12 ]  已写 results/coloc_full_ t2d _20260815.csv |  10190  行 |  22.2  min 

=== 全量 coloc 摘要  t2d  ===
全部:  10190  | QC 通过:  10190 
sig: 1557 对 | PP.H4≥0.8: 66 (4.24% of QC) | ≥0.5: 162
   sig 内 strong 按 GWAS 峰显著:  27 / 66 
grey: 4579 对 | PP.H4≥0.8: 1 (0.02% of QC) | ≥0.5: 3
null: 4054 对 | PP.H4≥0.8: 0 (0% of QC) | ≥0.5: 0
