16:06:00 NO-M23-PROC-ALIVE (done=0)
--- t2d ---
[ 15:48:45 ]  有坐标:  10190 
[ 15:49:09 ]  t2d  GWAS 行:  5030727 
[ 15:49:22 ]  基因块:  5  (每块 ~ 2500 ) 
[ 16:03:36 ]    块  1 / 5  完成 ( 2500  行) 
--- cad ---
[ 15:48:38 ]  结局  cad  对:  14675 
[ 15:48:49 ]  有坐标:  14675 
[ 15:49:27 ]  cad  GWAS 行:  7904237 
[ 15:49:41 ]  基因块:  6  (每块 ~ 2500 ) 
--- fbg ---
[ 15:48:52 ]  有坐标:  6508 
[ 15:49:00 ]  fbg  GWAS 行:  2628881 
[ 15:49:16 ]  基因块:  3  (每块 ~ 2500 ) 
[ 15:59:44 ]    块  1 / 3  完成 ( 2500  行) 
17:28:05 ALL-3-DONE
=== 全量 coloc 摘要  t2d  ===
全部:  10190  | QC 通过:  9627 
sig: 1557 对 | PP.H4≥0.8: 48 (3.25% of QC) | ≥0.5: 123
   sig 内 strong 按 GWAS 峰显著:  16 / 48 
grey: 4579 对 | PP.H4≥0.8: 3 (0.07% of QC) | ≥0.5: 6
null: 4054 对 | PP.H4≥0.8: 1 (0.03% of QC) | ≥0.5: 2
=== 全量 coloc 摘要  cad  ===
全部:  14675  | QC 通过:  13803 
sig: 2242 对 | PP.H4≥0.8: 54 (2.56% of QC) | ≥0.5: 122
   sig 内 strong 按 GWAS 峰显著:  17 / 54 
grey: 6718 对 | PP.H4≥0.8: 3 (0.05% of QC) | ≥0.5: 11
null: 5715 对 | PP.H4≥0.8: 3 (0.06% of QC) | ≥0.5: 5
=== 全量 coloc 摘要  fbg  ===
全部:  6508  | QC 通过:  6508 
sig: 449 对 | PP.H4≥0.8: 4 (0.89% of QC) | ≥0.5: 17
   sig 内 strong 按 GWAS 峰显著:  0 / 4 
grey: 2999 对 | PP.H4≥0.8: 0 (0% of QC) | ≥0.5: 1
null: 3060 对 | PP.H4≥0.8: 0 (0% of QC) | ≥0.5: 0
